interactions:
- request:
    body: PSPID=maykinmedia&ORDERID=2024%2FOF-5HEBWV%2F84&AMOUNT=5000&CURRENCY=EUR&LANGUAGE=nl_NL&PMLISTTYPE=2&ACCEPTURL=http%3A%2F%2Ffoo.bar%2Freturn%3Fbazz%3Dbuzz%26action%3Daccept&DECLINEURL=http%3A%2F%2Ffoo.bar%2Freturn%3Fbazz%3Dbuzz%26action%3Dcancel&EXCEPTIONURL=http%3A%2F%2Ffoo.bar%2Freturn%3Fbazz%3Dbuzz%26action%3Dexception&CANCELURL=http%3A%2F%2Ffoo.bar%2Freturn%3Fbazz%3Dbuzz%26action%3Dcancel&BACKURL=http%3A%2F%2Ffoo.bar%2Freturn%3Fbazz%3Dbuzz%26action%3Dcancel&SHASIGN=678588D7F8D43DB3AFFD704302F7708D1D2DD0DD900BD120DD27B94D097C2FE2200E7F4D67F9172D9B0196EA9ECF12988C1A20031136436811A934B5CFEA0E0D
    headers:
      Accept:
      - '*/*'
      Accept-Encoding:
      - gzip, deflate, br
      Connection:
      - keep-alive
      Content-Length:
      - '602'
      Content-Type:
      - application/x-www-form-urlencoded
      User-Agent:
      - python-requests/2.32.4
    method: POST
    uri: https://ogone.test.v-psp.com/ncol/test/orderstandard_utf8.asp
  response:
    body:
      string: '<head><title>Object moved</title></head>

        <body><h1>Object Moved</h1>This object may be found <a HREF="https://ogone.test.v-psp.com/payment/hostedpage/63b6acbbef634de3a178ab29321d190f">here</a>.</body>

        '
    headers:
      cache-control:
      - private, max-age=0
      content-length:
      - '201'
      content-security-policy:
      - script-src 'self' 'nonce-12F64047ED6AB063FFA5154E671346495E0503B46379B058BB2AC649A23850DE'
        'unsafe-eval' https://static-eu.payments-amazon.com/cba/js/ https://images-na.ssl-images-amazon.com/images/G/
        https://external-assets.test.cdn.v-psp.com/t/ https://secure.ogone.com/Ncol/Test/
      content-type:
      - text/html; Charset=utf-8
      date:
      - Thu, 18 Sep 2025 09:12:40 GMT
      expires:
      - Thu, 18 Sep 2025 09:11:40 GMT
      location:
      - https://ogone.test.v-psp.com/payment/hostedpage/63b6acbbef634de3a178ab29321d190f
      set-cookie:
      - sessionTest=51fcb3ec-d1f1-4f14-898a-b39674d2c901; path=/ncol/test/; Secure;
        HttpOnly
      strict-transport-security:
      - max-age=16000000; includeSubDomains; preload;
      x-content-type-options:
      - nosniff
    status:
      code: 302
      message: Object moved
- request:
    body: null
    headers:
      Accept:
      - '*/*'
      Accept-Encoding:
      - gzip, deflate, br
      Connection:
      - keep-alive
      User-Agent:
      - python-requests/2.32.4
    method: GET
    uri: https://ogone.test.v-psp.com/payment/hostedpage/63b6acbbef634de3a178ab29321d190f
  response:
    body:
      string: ''
    headers:
      content-length:
      - '0'
      correlation-id:
      - fe3d8de3-47c0-4401-bfb6-3019906196f7
      - fe3d8de3-47c0-4401-bfb6-3019906196f7
      date:
      - Thu, 18 Sep 2025 09:12:40 GMT
      location:
      - https://simulator.test.v-psp.com/web-simulator/Ideal/Index?returnurl=https%3a%2f%2fogone.test.v-psp.com%2fpayment%2freturn%2f0c076caf43474a1f892f99c2bb74c869
      strict-transport-security:
      - max-age=16000000; includeSubDomains; preload;
    status:
      code: 302
      message: Found
- request:
    body: null
    headers:
      Accept:
      - '*/*'
      Accept-Encoding:
      - gzip, deflate, br
      Connection:
      - keep-alive
      User-Agent:
      - python-requests/2.32.4
    method: GET
    uri: https://simulator.test.v-psp.com/web-simulator/Ideal/Index?returnurl=https%3A%2F%2Fogone.test.v-psp.com%2Fpayment%2Freturn%2F0c076caf43474a1f892f99c2bb74c869
  response:
    body:
      string: "<!DOCTYPE html>\r\n<html lang=\"en\">\r\n<head>\r\n    <meta charset=\"utf-8\"
        />\r\n    <meta name=\"viewport\" content=\"width=device-width, initial-scale=1.0\">\r\n
        \   <title>iDEAL Simulator</title>\r\n    <link href=\"https://simulator.test.v-psp.com/web-simulator/Content/default.css\"
        rel=\"stylesheet\" type=\"text/css\" />\r\n</head>\r\n<body>\r\n\r\n    <div
        id=\"header\">\r\n        <h1>iDEAL</h1>\r\n        <p>This page simulates
        iDEAL payments</p>\r\n    </div>\r\n\r\n    <div id=\"main\">\r\n        \r\n<form
        action=\"https://ogone.test.v-psp.com/payment/return/0c076caf43474a1f892f99c2bb74c869\"
        method=\"GET\" name=\"redirectForm\" id=\"redirectForm\">\r\n        <input
        type=\"hidden\" name=\"ec\" />\r\n        <input type=\"hidden\" name=\"trxid\"
        value=\"0\" />\r\n\r\n    <div class=\"section first\">\r\n        <h2>Redirection</h2>\r\n
        \       <ul>\r\n            <li>Redirect to domain: ogone.test.v-psp.com</li>\r\n
        \           <li><a class=\"btn btn-primary btn-lg submit-link\" id=\"lnk_redirect\">Redirect
        &raquo;</a></li>\r\n            <li>or close this browser window to simulate
        an interrupted redirection</li>\r\n        </ul>\r\n    </div>\r\n\r\n\r\n<div
        class=\"section last\">\r\n    <h2>Details of the payment</h2>\r\n    <ul>\r\n
        \       <li id=\"payid\">Payid: 0</li>\r\n        <li id=\"trxid\">TransactionId:
        0</li>\r\n        <li id=\"issuer\">Issuer: </li>\r\n    </ul>\r\n</div>\r\n</form>\r\n
        \   </div>\r\n</body>\r\n</html>\r\n<script src=\"https://simulator.test.v-psp.com/web-simulator/Content/main.js\"
        type=\"text/javascript\"></script>"
    headers:
      content-security-policy:
      - default-src 'self'; script-src 'self'
      content-type:
      - text/html; charset=utf-8
      correlation-id:
      - 69d148cd-7e9a-43bc-ac19-16c92d2c772e
      - 69d148cd-7e9a-43bc-ac19-16c92d2c772e
      date:
      - Thu, 18 Sep 2025 09:12:40 GMT
      pragma:
      - no-cache
      strict-transport-security:
      - max-age=16000000; includeSubDomains; preload;
      transfer-encoding:
      - chunked
      x-content-type-options:
      - nosniff
      x-frame-options:
      - DENY
      x-xss-protection:
      - 1; mode=block
    status:
      code: 200
      message: OK
version: 1
