interactions:
- request:
    body: null
    headers:
      Accept:
      - '*/*'
      Accept-Encoding:
      - gzip, deflate, br
      Authorization:
      - Bearer eyJhbGciOiJIUzI1NiIsInR5cCI6IkpXVCJ9.eyJpc3MiOiJ0ZXN0X2NsaWVudF9pZCIsImlhdCI6MTcyMDE2MTMxOSwiY2xpZW50X2lkIjoidGVzdF9jbGllbnRfaWQiLCJ1c2VyX2lkIjoiIiwidXNlcl9yZXByZXNlbnRhdGlvbiI6IiJ9.EIhr3lC5cFN7RGh1p8kDbr3oGIciuQj_0mvVT6QtiAM
      Connection:
      - keep-alive
      User-Agent:
      - python-requests/2.32.2
    method: GET
    uri: http://localhost:8003/catalogi/api/v1/informatieobjecttypen
  response:
    body:
      string: '{"count":3,"next":null,"previous":null,"results":[{"url":"http://localhost:8003/catalogi/api/v1/informatieobjecttypen/531f6c1a-97f7-478c-85f0-67d2f23661c7","catalogus":"http://localhost:8003/catalogi/api/v1/catalogussen/bd58635c-793e-446d-a7e0-460d7b04829d","omschrijving":"Attachment
        Informatieobjecttype","vertrouwelijkheidaanduiding":"openbaar","beginGeldigheid":"2024-03-19","eindeGeldigheid":null,"concept":false,"besluittypen":[],"informatieobjectcategorie":"Test
        category","trefwoord":[],"omschrijvingGeneriek":{"informatieobjecttypeOmschrijvingGeneriek":"","definitieInformatieobjecttypeOmschrijvingGeneriek":"","herkomstInformatieobjecttypeOmschrijvingGeneriek":"","hierarchieInformatieobjecttypeOmschrijvingGeneriek":"","opmerkingInformatieobjecttypeOmschrijvingGeneriek":""},"zaaktypen":["http://localhost:8003/catalogi/api/v1/zaaktypen/1f41885e-23fc-4462-bbc8-80be4ae484dc"],"beginObject":"2024-03-19","eindeObject":null},{"url":"http://localhost:8003/catalogi/api/v1/informatieobjecttypen/b2d83b94-9b9b-4e80-a82f-73ff993c62f3","catalogus":"http://localhost:8003/catalogi/api/v1/catalogussen/bd58635c-793e-446d-a7e0-460d7b04829d","omschrijving":"CSV
        Informatieobjecttype","vertrouwelijkheidaanduiding":"openbaar","beginGeldigheid":"2024-03-19","eindeGeldigheid":null,"concept":false,"besluittypen":[],"informatieobjectcategorie":"Test
        category","trefwoord":[],"omschrijvingGeneriek":{"informatieobjecttypeOmschrijvingGeneriek":"","definitieInformatieobjecttypeOmschrijvingGeneriek":"","herkomstInformatieobjecttypeOmschrijvingGeneriek":"","hierarchieInformatieobjecttypeOmschrijvingGeneriek":"","opmerkingInformatieobjecttypeOmschrijvingGeneriek":""},"zaaktypen":[],"beginObject":"2024-03-19","eindeObject":null},{"url":"http://localhost:8003/catalogi/api/v1/informatieobjecttypen/7a474713-0833-402a-8441-e467c08ac55b","catalogus":"http://localhost:8003/catalogi/api/v1/catalogussen/bd58635c-793e-446d-a7e0-460d7b04829d","omschrijving":"PDF
        Informatieobjecttype","vertrouwelijkheidaanduiding":"openbaar","beginGeldigheid":"2024-03-19","eindeGeldigheid":null,"concept":false,"besluittypen":[],"informatieobjectcategorie":"Test
        category","trefwoord":[],"omschrijvingGeneriek":{"informatieobjecttypeOmschrijvingGeneriek":"","definitieInformatieobjecttypeOmschrijvingGeneriek":"","herkomstInformatieobjecttypeOmschrijvingGeneriek":"","hierarchieInformatieobjecttypeOmschrijvingGeneriek":"","opmerkingInformatieobjecttypeOmschrijvingGeneriek":""},"zaaktypen":[],"beginObject":"2024-03-19","eindeObject":null}]}'
    headers:
      API-version:
      - 1.3.1
      Allow:
      - GET, POST, HEAD, OPTIONS
      Content-Length:
      - '2517'
      Content-Type:
      - application/json
      Cross-Origin-Opener-Policy:
      - same-origin
      Referrer-Policy:
      - same-origin
      Vary:
      - Accept, origin
      X-Content-Type-Options:
      - nosniff
      X-Frame-Options:
      - DENY
    status:
      code: 200
      message: OK
- request:
    body: null
    headers:
      Accept:
      - '*/*'
      Accept-Encoding:
      - gzip, deflate, br
      Authorization:
      - Token 171be5abaf41e7856b423ad513df1ef8f867ff48
      Connection:
      - keep-alive
      User-Agent:
      - python-requests/2.32.2
    method: GET
    uri: http://localhost:8001/api/v2/objecttypes
  response:
    body:
      string: '{"count":4,"next":null,"previous":null,"results":[{"url":"http://objecttypes-web:8000/api/v2/objecttypes/f1dde4fe-b7f9-46dc-84ae-429ae49e3705","uuid":"f1dde4fe-b7f9-46dc-84ae-429ae49e3705","name":"Geo
        in data","namePlural":"Geo in data","description":"","dataClassification":"confidential","maintainerOrganization":"","maintainerDepartment":"","contactPerson":"","contactEmail":"","source":"","updateFrequency":"unknown","providerOrganization":"","documentationUrl":"","labels":{},"createdAt":"2024-02-08","modifiedAt":"2024-02-08","allowGeometry":true,"versions":["http://objecttypes-web:8000/api/v2/objecttypes/f1dde4fe-b7f9-46dc-84ae-429ae49e3705/versions/1"]},{"url":"http://objecttypes-web:8000/api/v2/objecttypes/527b8408-7421-4808-a744-43ccb7bdaaa2","uuid":"527b8408-7421-4808-a744-43ccb7bdaaa2","name":"File
        Uploads","namePlural":"File Uploads","description":"","dataClassification":"confidential","maintainerOrganization":"","maintainerDepartment":"","contactPerson":"","contactEmail":"","source":"","updateFrequency":"unknown","providerOrganization":"","documentationUrl":"","labels":{},"createdAt":"2024-02-08","modifiedAt":"2024-02-08","allowGeometry":true,"versions":["http://objecttypes-web:8000/api/v2/objecttypes/527b8408-7421-4808-a744-43ccb7bdaaa2/versions/1"]},{"url":"http://objecttypes-web:8000/api/v2/objecttypes/3edfdaf7-f469-470b-a391-bb7ea015bd6f","uuid":"3edfdaf7-f469-470b-a391-bb7ea015bd6f","name":"Tree","namePlural":"Trees","description":"","dataClassification":"confidential","maintainerOrganization":"","maintainerDepartment":"","contactPerson":"","contactEmail":"","source":"","updateFrequency":"unknown","providerOrganization":"","documentationUrl":"","labels":{},"createdAt":"2024-02-08","modifiedAt":"2024-02-08","allowGeometry":true,"versions":["http://objecttypes-web:8000/api/v2/objecttypes/3edfdaf7-f469-470b-a391-bb7ea015bd6f/versions/1"]},{"url":"http://objecttypes-web:8000/api/v2/objecttypes/8e46e0a5-b1b4-449b-b9e9-fa3cea655f48","uuid":"8e46e0a5-b1b4-449b-b9e9-fa3cea655f48","name":"Person","namePlural":"Persons","description":"","dataClassification":"open","maintainerOrganization":"","maintainerDepartment":"","contactPerson":"","contactEmail":"","source":"","updateFrequency":"unknown","providerOrganization":"","documentationUrl":"","labels":{},"createdAt":"2023-10-24","modifiedAt":"2024-02-08","allowGeometry":true,"versions":["http://objecttypes-web:8000/api/v2/objecttypes/8e46e0a5-b1b4-449b-b9e9-fa3cea655f48/versions/1","http://objecttypes-web:8000/api/v2/objecttypes/8e46e0a5-b1b4-449b-b9e9-fa3cea655f48/versions/2","http://objecttypes-web:8000/api/v2/objecttypes/8e46e0a5-b1b4-449b-b9e9-fa3cea655f48/versions/3"]}]}'
    headers:
      Allow:
      - GET, POST, HEAD, OPTIONS
      Connection:
      - keep-alive
      Content-Length:
      - '2673'
      Content-Type:
      - application/json
      Cross-Origin-Opener-Policy:
      - same-origin
      Date:
      - Fri, 05 Jul 2024 06:35:19 GMT
      Referrer-Policy:
      - same-origin
      Server:
      - nginx/1.27.0
      Vary:
      - origin
      X-Content-Type-Options:
      - nosniff
      X-Frame-Options:
      - DENY
    status:
      code: 200
      message: OK
- request:
    body: null
    headers:
      Accept:
      - '*/*'
      Accept-Encoding:
      - gzip, deflate, br
      Authorization:
      - Token 171be5abaf41e7856b423ad513df1ef8f867ff48
      Connection:
      - keep-alive
      User-Agent:
      - python-requests/2.32.2
    method: GET
    uri: http://localhost:8001/api/v2/objecttypes/8e46e0a5-b1b4-449b-b9e9-fa3cea655f48/versions
  response:
    body:
      string: '{"count":3,"next":null,"previous":null,"results":[{"url":"http://objecttypes-web:8000/api/v2/objecttypes/8e46e0a5-b1b4-449b-b9e9-fa3cea655f48/versions/3","version":3,"objectType":"http://objecttypes-web:8000/api/v2/objecttypes/8e46e0a5-b1b4-449b-b9e9-fa3cea655f48","status":"draft","jsonSchema":{"$id":"https://example.com/person.schema.json","type":"object","title":"Person","$schema":"https://json-schema.org/draft/2020-12/schema","properties":{"age":{"type":"integer","minimum":18},"name":{"type":"object","properties":{"last.name":{"type":"string"}}},"nested":{"type":"object","properties":{"unrelated":{"type":"string"},"submission_payment_amount":{"type":"number","multipleOf":0.01}}},"submission_date":{"type":"string","format":"date-time"},"submission_csv_url":{"type":"string","format":"uri"},"submission_pdf_url":{"type":"string","format":"uri"},"submission_payment_completed":{"type":"boolean"},"submission_payment_public_ids":{"type":"array"}}},"createdAt":"2024-02-08","modifiedAt":"2024-02-08","publishedAt":"2024-02-08"},{"url":"http://objecttypes-web:8000/api/v2/objecttypes/8e46e0a5-b1b4-449b-b9e9-fa3cea655f48/versions/2","version":2,"objectType":"http://objecttypes-web:8000/api/v2/objecttypes/8e46e0a5-b1b4-449b-b9e9-fa3cea655f48","status":"published","jsonSchema":{"$id":"https://example.com/person.schema.json","type":"object","title":"Person","$schema":"https://json-schema.org/draft/2020-12/schema","properties":{"age":{"type":"integer","minimum":18,"description":"Age
        in years which must be equal to or greater than 18."},"lastName":{"type":"string","description":"The
        person''s last name."},"firstName":{"type":"string","description":"The person''s
        first name."}}},"createdAt":"2024-02-08","modifiedAt":"2024-02-08","publishedAt":"2024-02-08"},{"url":"http://objecttypes-web:8000/api/v2/objecttypes/8e46e0a5-b1b4-449b-b9e9-fa3cea655f48/versions/1","version":1,"objectType":"http://objecttypes-web:8000/api/v2/objecttypes/8e46e0a5-b1b4-449b-b9e9-fa3cea655f48","status":"published","jsonSchema":{"$id":"https://example.com/person.schema.json","type":"object","title":"Person","$schema":"https://json-schema.org/draft/2020-12/schema","properties":{"age":{"type":"integer","minimum":0,"description":"Age
        in years which must be equal to or greater than zero."},"lastName":{"type":"string","description":"The
        person''s last name."},"firstName":{"type":"string","description":"The person''s
        first name."}}},"createdAt":"2023-10-24","modifiedAt":"2024-02-08","publishedAt":"2024-02-08"}]}'
    headers:
      Allow:
      - GET, POST, HEAD, OPTIONS
      Connection:
      - keep-alive
      Content-Length:
      - '2502'
      Content-Type:
      - application/json
      Cross-Origin-Opener-Policy:
      - same-origin
      Date:
      - Fri, 05 Jul 2024 06:35:19 GMT
      Referrer-Policy:
      - same-origin
      Server:
      - nginx/1.27.0
      Vary:
      - origin
      X-Content-Type-Options:
      - nosniff
      X-Frame-Options:
      - DENY
    status:
      code: 200
      message: OK
version: 1
