interactions:
- request:
    body: '{"type": "http://objecttypes-web:8000/api/v2/objecttypes/8e46e0a5-b1b4-449b-b9e9-fa3cea655f48",
      "record": {"typeVersion": 3, "data": {"name": {"voornaam": "My last name"}},
      "startAt": "2025-12-19"}}'
    headers:
      Accept:
      - '*/*'
      Accept-Encoding:
      - gzip, deflate, br
      Authorization:
      - Token 7657474c3d75f56ae0abd0d1bf7994b09964dca9
      Connection:
      - keep-alive
      Content-Crs:
      - EPSG:4326
      Content-Length:
      - '198'
      Content-Type:
      - application/json
      User-Agent:
      - python-requests/2.32.4
    method: POST
    uri: http://localhost:8002/api/v2/objects
  response:
    body:
      string: '{"url":"http://objects-web:8000/api/v2/objects/404d5154-b2ba-4915-b1f1-b28d5f71835e","uuid":"404d5154-b2ba-4915-b1f1-b28d5f71835e","type":"http://objecttypes-web:8000/api/v2/objecttypes/8e46e0a5-b1b4-449b-b9e9-fa3cea655f48","record":{"index":1,"typeVersion":3,"data":{"name":{"voornaam":"My
        last name"}},"geometry":null,"startAt":"2025-12-19","endAt":null,"registrationAt":"2025-12-19","correctionFor":null,"correctedBy":null}}'
    headers:
      Allow:
      - GET, POST, HEAD, OPTIONS
      Connection:
      - keep-alive
      Content-Crs:
      - EPSG:4326
      Content-Length:
      - '427'
      Content-Type:
      - application/json
      Cross-Origin-Opener-Policy:
      - same-origin
      Date:
      - Fri, 19 Dec 2025 14:47:22 GMT
      Location:
      - http://localhost:8002/api/v2/objects/404d5154-b2ba-4915-b1f1-b28d5f71835e
      Referrer-Policy:
      - same-origin
      Server:
      - nginx/1.29.1
      Vary:
      - origin
      X-Content-Type-Options:
      - nosniff
      X-Frame-Options:
      - DENY
    status:
      code: 201
      message: Created
- request:
    body: null
    headers:
      Accept:
      - '*/*'
      Accept-Encoding:
      - gzip, deflate, br
      Authorization:
      - Token 171be5abaf41e7856b423ad513df1ef8f867ff48
      Connection:
      - keep-alive
      User-Agent:
      - python-requests/2.32.4
    method: GET
    uri: http://localhost:8001/api/v2/objecttypes/8e46e0a5-b1b4-449b-b9e9-fa3cea655f48
  response:
    body:
      string: '{"url":"http://objecttypes-web:8000/api/v2/objecttypes/8e46e0a5-b1b4-449b-b9e9-fa3cea655f48","uuid":"8e46e0a5-b1b4-449b-b9e9-fa3cea655f48","name":"Person","namePlural":"Persons","description":"","dataClassification":"open","maintainerOrganization":"","maintainerDepartment":"","contactPerson":"","contactEmail":"","source":"","updateFrequency":"unknown","providerOrganization":"","documentationUrl":"","labels":{},"createdAt":"2023-10-24","modifiedAt":"2024-11-25","allowGeometry":true,"versions":["http://objecttypes-web:8000/api/v2/objecttypes/8e46e0a5-b1b4-449b-b9e9-fa3cea655f48/versions/2","http://objecttypes-web:8000/api/v2/objecttypes/8e46e0a5-b1b4-449b-b9e9-fa3cea655f48/versions/3","http://objecttypes-web:8000/api/v2/objecttypes/8e46e0a5-b1b4-449b-b9e9-fa3cea655f48/versions/1","http://objecttypes-web:8000/api/v2/objecttypes/8e46e0a5-b1b4-449b-b9e9-fa3cea655f48/versions/4"]}'
    headers:
      Allow:
      - GET, PUT, PATCH, DELETE, HEAD, OPTIONS
      Connection:
      - keep-alive
      Content-Length:
      - '887'
      Content-Type:
      - application/json
      Cross-Origin-Opener-Policy:
      - same-origin
      Date:
      - Fri, 19 Dec 2025 14:47:22 GMT
      Referrer-Policy:
      - same-origin
      Server:
      - nginx/1.29.1
      Vary:
      - origin
      X-Content-Type-Options:
      - nosniff
      X-Frame-Options:
      - DENY
    status:
      code: 200
      message: OK
- request:
    body: '{"type": "http://objecttypes-web:8000/api/v2/objecttypes/8e46e0a5-b1b4-449b-b9e9-fa3cea655f48",
      "record": {"typeVersion": 3, "data": {"data": {"fd-test": {"voornaam": "My last
      name"}}, "type": "", "bsn": "", "pdf_url": "", "attachments": [], "submission_id":
      "f30a84fd-9782-4216-aee4-1a983e40fb95", "language_code": "nl", "payment": {"completed":
      false, "amount": 0, "public_order_ids": []}}, "startAt": "2025-12-19"}}'
    headers:
      Accept:
      - '*/*'
      Accept-Encoding:
      - gzip, deflate, br
      Authorization:
      - Token 7657474c3d75f56ae0abd0d1bf7994b09964dca9
      Connection:
      - keep-alive
      Content-Crs:
      - EPSG:4326
      Content-Length:
      - '418'
      Content-Type:
      - application/json
      User-Agent:
      - python-requests/2.32.4
    method: POST
    uri: http://localhost:8002/api/v2/objects
  response:
    body:
      string: '{"url":"http://objects-web:8000/api/v2/objects/1e68f410-7ded-40ea-9320-e7997df5deee","uuid":"1e68f410-7ded-40ea-9320-e7997df5deee","type":"http://objecttypes-web:8000/api/v2/objecttypes/8e46e0a5-b1b4-449b-b9e9-fa3cea655f48","record":{"index":1,"typeVersion":3,"data":{"data":{"fd-test":{"voornaam":"My
        last name"}},"type":"","bsn":"","pdf_url":"","attachments":[],"submission_id":"f30a84fd-9782-4216-aee4-1a983e40fb95","language_code":"nl","payment":{"completed":false,"amount":0,"public_order_ids":[]}},"geometry":null,"startAt":"2025-12-19","endAt":null,"registrationAt":"2025-12-19","correctionFor":null,"correctedBy":null}}'
    headers:
      Allow:
      - GET, POST, HEAD, OPTIONS
      Connection:
      - keep-alive
      Content-Crs:
      - EPSG:4326
      Content-Length:
      - '627'
      Content-Type:
      - application/json
      Cross-Origin-Opener-Policy:
      - same-origin
      Date:
      - Fri, 19 Dec 2025 14:47:22 GMT
      Location:
      - http://localhost:8002/api/v2/objects/1e68f410-7ded-40ea-9320-e7997df5deee
      Referrer-Policy:
      - same-origin
      Server:
      - nginx/1.29.1
      Vary:
      - origin
      X-Content-Type-Options:
      - nosniff
      X-Frame-Options:
      - DENY
    status:
      code: 201
      message: Created
- request:
    body: null
    headers:
      Accept:
      - '*/*'
      Accept-Encoding:
      - gzip, deflate, br
      Authorization:
      - Token 171be5abaf41e7856b423ad513df1ef8f867ff48
      Connection:
      - keep-alive
      User-Agent:
      - python-requests/2.32.4
    method: GET
    uri: http://localhost:8001/api/v2/objecttypes/8e46e0a5-b1b4-449b-b9e9-fa3cea655f48
  response:
    body:
      string: '{"url":"http://objecttypes-web:8000/api/v2/objecttypes/8e46e0a5-b1b4-449b-b9e9-fa3cea655f48","uuid":"8e46e0a5-b1b4-449b-b9e9-fa3cea655f48","name":"Person","namePlural":"Persons","description":"","dataClassification":"open","maintainerOrganization":"","maintainerDepartment":"","contactPerson":"","contactEmail":"","source":"","updateFrequency":"unknown","providerOrganization":"","documentationUrl":"","labels":{},"createdAt":"2023-10-24","modifiedAt":"2024-11-25","allowGeometry":true,"versions":["http://objecttypes-web:8000/api/v2/objecttypes/8e46e0a5-b1b4-449b-b9e9-fa3cea655f48/versions/2","http://objecttypes-web:8000/api/v2/objecttypes/8e46e0a5-b1b4-449b-b9e9-fa3cea655f48/versions/3","http://objecttypes-web:8000/api/v2/objecttypes/8e46e0a5-b1b4-449b-b9e9-fa3cea655f48/versions/1","http://objecttypes-web:8000/api/v2/objecttypes/8e46e0a5-b1b4-449b-b9e9-fa3cea655f48/versions/4"]}'
    headers:
      Allow:
      - GET, PUT, PATCH, DELETE, HEAD, OPTIONS
      Connection:
      - keep-alive
      Content-Length:
      - '887'
      Content-Type:
      - application/json
      Cross-Origin-Opener-Policy:
      - same-origin
      Date:
      - Fri, 19 Dec 2025 14:47:22 GMT
      Referrer-Policy:
      - same-origin
      Server:
      - nginx/1.29.1
      Vary:
      - origin
      X-Content-Type-Options:
      - nosniff
      X-Frame-Options:
      - DENY
    status:
      code: 200
      message: OK
- request:
    body: '{"record": {"typeVersion": 3, "data": {"data": {"fd-test": {"voornaam":
      "Updated value"}}, "type": "", "bsn": "", "pdf_url": "", "attachments": [],
      "submission_id": "96ef7178-8e89-48ea-8d36-b84f16d24cc8", "language_code": "nl",
      "payment": {"completed": false, "amount": 0, "public_order_ids": []}}, "startAt":
      "2025-12-19"}}'
    headers:
      Accept:
      - '*/*'
      Accept-Encoding:
      - gzip, deflate, br
      Authorization:
      - Token 7657474c3d75f56ae0abd0d1bf7994b09964dca9
      Connection:
      - keep-alive
      Content-Crs:
      - EPSG:4326
      Content-Length:
      - '324'
      Content-Type:
      - application/json
      User-Agent:
      - python-requests/2.32.4
    method: PATCH
    uri: http://localhost:8002/api/v2/objects/404d5154-b2ba-4915-b1f1-b28d5f71835e
  response:
    body:
      string: '{"url":"http://objects-web:8000/api/v2/objects/404d5154-b2ba-4915-b1f1-b28d5f71835e","uuid":"404d5154-b2ba-4915-b1f1-b28d5f71835e","type":"http://objecttypes-web:8000/api/v2/objecttypes/8e46e0a5-b1b4-449b-b9e9-fa3cea655f48","record":{"index":2,"typeVersion":3,"data":{"name":{"voornaam":"My
        last name"},"data":{"fd-test":{"voornaam":"Updated value"}},"type":"","bsn":"","pdf_url":"","attachments":[],"submission_id":"96ef7178-8e89-48ea-8d36-b84f16d24cc8","language_code":"nl","payment":{"completed":false,"amount":0,"public_order_ids":[]}},"geometry":null,"startAt":"2025-12-19","endAt":null,"registrationAt":"2025-12-19","correctionFor":null,"correctedBy":null}}'
    headers:
      Allow:
      - GET, PUT, PATCH, DELETE, HEAD, OPTIONS
      Connection:
      - keep-alive
      Content-Crs:
      - EPSG:4326
      Content-Length:
      - '663'
      Content-Type:
      - application/json
      Cross-Origin-Opener-Policy:
      - same-origin
      Date:
      - Fri, 19 Dec 2025 14:47:22 GMT
      Referrer-Policy:
      - same-origin
      Server:
      - nginx/1.29.1
      Vary:
      - origin
      X-Content-Type-Options:
      - nosniff
      X-Frame-Options:
      - DENY
    status:
      code: 200
      message: OK
- request:
    body: null
    headers:
      Accept:
      - '*/*'
      Accept-Encoding:
      - gzip, deflate, br
      Authorization:
      - Token 7657474c3d75f56ae0abd0d1bf7994b09964dca9
      Connection:
      - keep-alive
      Content-Crs:
      - EPSG:4326
      User-Agent:
      - python-requests/2.32.4
    method: GET
    uri: http://localhost:8002/api/v2/objects/404d5154-b2ba-4915-b1f1-b28d5f71835e
  response:
    body:
      string: '{"url":"http://objects-web:8000/api/v2/objects/404d5154-b2ba-4915-b1f1-b28d5f71835e","uuid":"404d5154-b2ba-4915-b1f1-b28d5f71835e","type":"http://objecttypes-web:8000/api/v2/objecttypes/8e46e0a5-b1b4-449b-b9e9-fa3cea655f48","record":{"index":2,"typeVersion":3,"data":{"bsn":"","data":{"fd-test":{"voornaam":"Updated
        value"}},"name":{"voornaam":"My last name"},"type":"","payment":{"amount":0,"completed":false,"public_order_ids":[]},"pdf_url":"","attachments":[],"language_code":"nl","submission_id":"96ef7178-8e89-48ea-8d36-b84f16d24cc8"},"geometry":null,"startAt":"2025-12-19","endAt":null,"registrationAt":"2025-12-19","correctionFor":null,"correctedBy":null}}'
    headers:
      Allow:
      - GET, PUT, PATCH, DELETE, HEAD, OPTIONS
      Connection:
      - keep-alive
      Content-Crs:
      - EPSG:4326
      Content-Length:
      - '663'
      Content-Type:
      - application/json
      Cross-Origin-Opener-Policy:
      - same-origin
      Date:
      - Fri, 19 Dec 2025 14:47:22 GMT
      Referrer-Policy:
      - same-origin
      Server:
      - nginx/1.29.1
      Vary:
      - origin
      X-Content-Type-Options:
      - nosniff
      X-Frame-Options:
      - DENY
    status:
      code: 200
      message: OK
- request:
    body: null
    headers:
      Accept:
      - '*/*'
      Accept-Encoding:
      - gzip, deflate, br
      Authorization:
      - Token 171be5abaf41e7856b423ad513df1ef8f867ff48
      Connection:
      - keep-alive
      User-Agent:
      - python-requests/2.32.4
    method: GET
    uri: http://localhost:8001/api/v2/objecttypes/8e46e0a5-b1b4-449b-b9e9-fa3cea655f48
  response:
    body:
      string: '{"url":"http://objecttypes-web:8000/api/v2/objecttypes/8e46e0a5-b1b4-449b-b9e9-fa3cea655f48","uuid":"8e46e0a5-b1b4-449b-b9e9-fa3cea655f48","name":"Person","namePlural":"Persons","description":"","dataClassification":"open","maintainerOrganization":"","maintainerDepartment":"","contactPerson":"","contactEmail":"","source":"","updateFrequency":"unknown","providerOrganization":"","documentationUrl":"","labels":{},"createdAt":"2023-10-24","modifiedAt":"2024-11-25","allowGeometry":true,"versions":["http://objecttypes-web:8000/api/v2/objecttypes/8e46e0a5-b1b4-449b-b9e9-fa3cea655f48/versions/2","http://objecttypes-web:8000/api/v2/objecttypes/8e46e0a5-b1b4-449b-b9e9-fa3cea655f48/versions/3","http://objecttypes-web:8000/api/v2/objecttypes/8e46e0a5-b1b4-449b-b9e9-fa3cea655f48/versions/1","http://objecttypes-web:8000/api/v2/objecttypes/8e46e0a5-b1b4-449b-b9e9-fa3cea655f48/versions/4"]}'
    headers:
      Allow:
      - GET, PUT, PATCH, DELETE, HEAD, OPTIONS
      Connection:
      - keep-alive
      Content-Length:
      - '887'
      Content-Type:
      - application/json
      Cross-Origin-Opener-Policy:
      - same-origin
      Date:
      - Fri, 19 Dec 2025 14:47:22 GMT
      Referrer-Policy:
      - same-origin
      Server:
      - nginx/1.29.1
      Vary:
      - origin
      X-Content-Type-Options:
      - nosniff
      X-Frame-Options:
      - DENY
    status:
      code: 200
      message: OK
- request:
    body: '{"type": "http://objecttypes-web:8000/api/v2/objecttypes/8e46e0a5-b1b4-449b-b9e9-fa3cea655f48",
      "record": {"typeVersion": 3, "data": {"data": {"fd-test": {"voornaam": "Updated
      value"}}, "type": "", "bsn": "", "pdf_url": "", "attachments": [], "submission_id":
      "e10b13b6-a4e0-4287-b0e5-f9fdbc82c784", "language_code": "nl", "payment": {"completed":
      false, "amount": 0, "public_order_ids": []}}, "startAt": "2025-12-19"}}'
    headers:
      Accept:
      - '*/*'
      Accept-Encoding:
      - gzip, deflate, br
      Authorization:
      - Token 7657474c3d75f56ae0abd0d1bf7994b09964dca9
      Connection:
      - keep-alive
      Content-Crs:
      - EPSG:4326
      Content-Length:
      - '419'
      Content-Type:
      - application/json
      User-Agent:
      - python-requests/2.32.4
    method: POST
    uri: http://localhost:8002/api/v2/objects
  response:
    body:
      string: '{"url":"http://objects-web:8000/api/v2/objects/6c3c8122-b37e-4b08-824f-bfb37237e41d","uuid":"6c3c8122-b37e-4b08-824f-bfb37237e41d","type":"http://objecttypes-web:8000/api/v2/objecttypes/8e46e0a5-b1b4-449b-b9e9-fa3cea655f48","record":{"index":1,"typeVersion":3,"data":{"data":{"fd-test":{"voornaam":"Updated
        value"}},"type":"","bsn":"","pdf_url":"","attachments":[],"submission_id":"e10b13b6-a4e0-4287-b0e5-f9fdbc82c784","language_code":"nl","payment":{"completed":false,"amount":0,"public_order_ids":[]}},"geometry":null,"startAt":"2025-12-19","endAt":null,"registrationAt":"2025-12-19","correctionFor":null,"correctedBy":null}}'
    headers:
      Allow:
      - GET, POST, HEAD, OPTIONS
      Connection:
      - keep-alive
      Content-Crs:
      - EPSG:4326
      Content-Length:
      - '628'
      Content-Type:
      - application/json
      Cross-Origin-Opener-Policy:
      - same-origin
      Date:
      - Fri, 19 Dec 2025 14:47:23 GMT
      Location:
      - http://localhost:8002/api/v2/objects/6c3c8122-b37e-4b08-824f-bfb37237e41d
      Referrer-Policy:
      - same-origin
      Server:
      - nginx/1.29.1
      Vary:
      - origin
      X-Content-Type-Options:
      - nosniff
      X-Frame-Options:
      - DENY
    status:
      code: 201
      message: Created
- request:
    body: null
    headers:
      Accept:
      - '*/*'
      Accept-Encoding:
      - gzip, deflate, br
      Authorization:
      - Token 171be5abaf41e7856b423ad513df1ef8f867ff48
      Connection:
      - keep-alive
      User-Agent:
      - python-requests/2.32.4
    method: GET
    uri: http://localhost:8001/api/v2/objecttypes/8e46e0a5-b1b4-449b-b9e9-fa3cea655f48
  response:
    body:
      string: '{"url":"http://objecttypes-web:8000/api/v2/objecttypes/8e46e0a5-b1b4-449b-b9e9-fa3cea655f48","uuid":"8e46e0a5-b1b4-449b-b9e9-fa3cea655f48","name":"Person","namePlural":"Persons","description":"","dataClassification":"open","maintainerOrganization":"","maintainerDepartment":"","contactPerson":"","contactEmail":"","source":"","updateFrequency":"unknown","providerOrganization":"","documentationUrl":"","labels":{},"createdAt":"2023-10-24","modifiedAt":"2024-11-25","allowGeometry":true,"versions":["http://objecttypes-web:8000/api/v2/objecttypes/8e46e0a5-b1b4-449b-b9e9-fa3cea655f48/versions/2","http://objecttypes-web:8000/api/v2/objecttypes/8e46e0a5-b1b4-449b-b9e9-fa3cea655f48/versions/3","http://objecttypes-web:8000/api/v2/objecttypes/8e46e0a5-b1b4-449b-b9e9-fa3cea655f48/versions/1","http://objecttypes-web:8000/api/v2/objecttypes/8e46e0a5-b1b4-449b-b9e9-fa3cea655f48/versions/4"]}'
    headers:
      Allow:
      - GET, PUT, PATCH, DELETE, HEAD, OPTIONS
      Connection:
      - keep-alive
      Content-Length:
      - '887'
      Content-Type:
      - application/json
      Cross-Origin-Opener-Policy:
      - same-origin
      Date:
      - Fri, 19 Dec 2025 14:47:23 GMT
      Referrer-Policy:
      - same-origin
      Server:
      - nginx/1.29.1
      Vary:
      - origin
      X-Content-Type-Options:
      - nosniff
      X-Frame-Options:
      - DENY
    status:
      code: 200
      message: OK
- request:
    body: '{"type": "http://objecttypes-web:8000/api/v2/objecttypes/8e46e0a5-b1b4-449b-b9e9-fa3cea655f48",
      "record": {"typeVersion": 3, "data": {"data": {"fd-test": {"voornaam": "Updated
      value"}}, "type": "", "bsn": "", "pdf_url": "", "attachments": [], "submission_id":
      "fab8106e-11fc-4eda-863d-94ce300ff389", "language_code": "nl", "payment": {"completed":
      false, "amount": 0, "public_order_ids": []}}, "startAt": "2025-12-19"}}'
    headers:
      Accept:
      - '*/*'
      Accept-Encoding:
      - gzip, deflate, br
      Authorization:
      - Token 7657474c3d75f56ae0abd0d1bf7994b09964dca9
      Connection:
      - keep-alive
      Content-Crs:
      - EPSG:4326
      Content-Length:
      - '419'
      Content-Type:
      - application/json
      User-Agent:
      - python-requests/2.32.4
    method: POST
    uri: http://localhost:8002/api/v2/objects
  response:
    body:
      string: '{"url":"http://objects-web:8000/api/v2/objects/779fa1f7-2b75-4c82-9f33-028f2e1477f7","uuid":"779fa1f7-2b75-4c82-9f33-028f2e1477f7","type":"http://objecttypes-web:8000/api/v2/objecttypes/8e46e0a5-b1b4-449b-b9e9-fa3cea655f48","record":{"index":1,"typeVersion":3,"data":{"data":{"fd-test":{"voornaam":"Updated
        value"}},"type":"","bsn":"","pdf_url":"","attachments":[],"submission_id":"fab8106e-11fc-4eda-863d-94ce300ff389","language_code":"nl","payment":{"completed":false,"amount":0,"public_order_ids":[]}},"geometry":null,"startAt":"2025-12-19","endAt":null,"registrationAt":"2025-12-19","correctionFor":null,"correctedBy":null}}'
    headers:
      Allow:
      - GET, POST, HEAD, OPTIONS
      Connection:
      - keep-alive
      Content-Crs:
      - EPSG:4326
      Content-Length:
      - '628'
      Content-Type:
      - application/json
      Cross-Origin-Opener-Policy:
      - same-origin
      Date:
      - Fri, 19 Dec 2025 14:47:23 GMT
      Location:
      - http://localhost:8002/api/v2/objects/779fa1f7-2b75-4c82-9f33-028f2e1477f7
      Referrer-Policy:
      - same-origin
      Server:
      - nginx/1.29.1
      Vary:
      - origin
      X-Content-Type-Options:
      - nosniff
      X-Frame-Options:
      - DENY
    status:
      code: 201
      message: Created
version: 1
