interactions:
- request:
    body: '{"informatieobjecttype": "http://localhost:8003/catalogi/api/v1/informatieobjecttypen/7a474713-0833-402a-8441-e467c08ac55b",
      "bronorganisatie": "000000000", "creatiedatum": "2025-12-19", "titel": "Form
      017", "auteur": "Aanvrager", "taal": "eng", "formaat": "application/pdf", "inhoud":
      "", "status": "definitief", "bestandsnaam": "open-forms-Form 017.pdf", "ontvangstdatum":
      null, "beschrijving": "Ingezonden formulier", "indicatieGebruiksrecht": false,
      "bestandsomvang": 0}'
    headers:
      Accept:
      - '*/*'
      Accept-Encoding:
      - gzip, deflate, br
      Authorization:
      - Bearer eyJhbGciOiJIUzI1NiIsInR5cCI6IkpXVCJ9.eyJpc3MiOiJ0ZXN0X2NsaWVudF9pZCIsImlhdCI6MTc2NjE1NTY0NSwiZXhwIjoxNzY2MTk4ODQ1LCJjbGllbnRfaWQiOiJ0ZXN0X2NsaWVudF9pZCIsInVzZXJfaWQiOiIiLCJ1c2VyX3JlcHJlc2VudGF0aW9uIjoiIn0.uWHG2Z0WjaLlVI_4By010w2WKPN-fx23q9O4ArOMlZI
      Connection:
      - keep-alive
      Content-Length:
      - '474'
      Content-Type:
      - application/json
      User-Agent:
      - python-requests/2.32.4
    method: POST
    uri: http://localhost:8003/documenten/api/v1/enkelvoudiginformatieobjecten
  response:
    body:
      string: '{"url":"http://localhost:8003/documenten/api/v1/enkelvoudiginformatieobjecten/f07464bf-0bde-4ad6-9e66-afa11971b80e","identificatie":"DOCUMENT-2025-0000000074","bronorganisatie":"000000000","creatiedatum":"2025-12-19","titel":"Form
        017","vertrouwelijkheidaanduiding":"openbaar","auteur":"Aanvrager","status":"definitief","formaat":"application/pdf","taal":"eng","versie":1,"beginRegistratie":"2025-12-19T14:47:25.875568Z","bestandsnaam":"open-forms-Form
        017.pdf","inhoud":"http://localhost:8003/documenten/api/v1/enkelvoudiginformatieobjecten/f07464bf-0bde-4ad6-9e66-afa11971b80e/download?versie=1","bestandsomvang":0,"link":"","beschrijving":"Ingezonden
        formulier","ontvangstdatum":null,"verzenddatum":null,"indicatieGebruiksrecht":false,"verschijningsvorm":"","ondertekening":{"soort":"","datum":null},"integriteit":{"algoritme":"","waarde":"","datum":null},"informatieobjecttype":"http://localhost:8003/catalogi/api/v1/informatieobjecttypen/7a474713-0833-402a-8441-e467c08ac55b","locked":false,"bestandsdelen":[],"trefwoorden":[],"lock":""}'
    headers:
      API-version:
      - 1.4.2
      Allow:
      - GET, POST, HEAD, OPTIONS
      Content-Length:
      - '1042'
      Content-Type:
      - application/json
      Cross-Origin-Opener-Policy:
      - same-origin
      Location:
      - http://localhost:8003/documenten/api/v1/enkelvoudiginformatieobjecten/f07464bf-0bde-4ad6-9e66-afa11971b80e
      Referrer-Policy:
      - same-origin
      Vary:
      - origin
      X-Content-Type-Options:
      - nosniff
      X-Frame-Options:
      - DENY
    status:
      code: 201
      message: Created
- request:
    body: '{"informatieobjecttype": "http://localhost:8003/catalogi/api/v1/informatieobjecttypen/cd6aeaf2-ca37-416f-b78c-1cc302f81a81",
      "bronorganisatie": "000000000", "creatiedatum": "2025-12-19", "titel": "Form
      017", "auteur": "Aanvrager", "taal": "eng", "formaat": "image/png", "inhoud":
      "Y29udGVudA==", "status": "definitief", "bestandsnaam": "attachment1.jpg", "ontvangstdatum":
      "2025-12-06", "beschrijving": "Bijgevoegd document", "indicatieGebruiksrecht":
      false, "bestandsomvang": 7}'
    headers:
      Accept:
      - '*/*'
      Accept-Encoding:
      - gzip, deflate, br
      Authorization:
      - Bearer eyJhbGciOiJIUzI1NiIsInR5cCI6IkpXVCJ9.eyJpc3MiOiJ0ZXN0X2NsaWVudF9pZCIsImlhdCI6MTc2NjE1NTY0NSwiZXhwIjoxNzY2MTk4ODQ1LCJjbGllbnRfaWQiOiJ0ZXN0X2NsaWVudF9pZCIsInVzZXJfaWQiOiIiLCJ1c2VyX3JlcHJlc2VudGF0aW9uIjoiIn0.uWHG2Z0WjaLlVI_4By010w2WKPN-fx23q9O4ArOMlZI
      Connection:
      - keep-alive
      Content-Length:
      - '479'
      Content-Type:
      - application/json
      User-Agent:
      - python-requests/2.32.4
    method: POST
    uri: http://localhost:8003/documenten/api/v1/enkelvoudiginformatieobjecten
  response:
    body:
      string: '{"url":"http://localhost:8003/documenten/api/v1/enkelvoudiginformatieobjecten/8fbfda26-9536-443b-9128-330a9788586c","identificatie":"DOCUMENT-2025-0000000075","bronorganisatie":"000000000","creatiedatum":"2025-12-19","titel":"Form
        017","vertrouwelijkheidaanduiding":"openbaar","auteur":"Aanvrager","status":"definitief","formaat":"image/png","taal":"eng","versie":1,"beginRegistratie":"2025-12-19T14:47:25.969521Z","bestandsnaam":"attachment1.jpg","inhoud":"http://localhost:8003/documenten/api/v1/enkelvoudiginformatieobjecten/8fbfda26-9536-443b-9128-330a9788586c/download?versie=1","bestandsomvang":7,"link":"","beschrijving":"Bijgevoegd
        document","ontvangstdatum":"2025-12-06","verzenddatum":null,"indicatieGebruiksrecht":false,"verschijningsvorm":"","ondertekening":{"soort":"","datum":null},"integriteit":{"algoritme":"","waarde":"","datum":null},"informatieobjecttype":"http://localhost:8003/catalogi/api/v1/informatieobjecttypen/cd6aeaf2-ca37-416f-b78c-1cc302f81a81","locked":false,"bestandsdelen":[],"trefwoorden":[],"lock":""}'
    headers:
      API-version:
      - 1.4.2
      Allow:
      - GET, POST, HEAD, OPTIONS
      Content-Length:
      - '1035'
      Content-Type:
      - application/json
      Cross-Origin-Opener-Policy:
      - same-origin
      Location:
      - http://localhost:8003/documenten/api/v1/enkelvoudiginformatieobjecten/8fbfda26-9536-443b-9128-330a9788586c
      Referrer-Policy:
      - same-origin
      Vary:
      - origin
      X-Content-Type-Options:
      - nosniff
      X-Frame-Options:
      - DENY
    status:
      code: 201
      message: Created
- request:
    body: '{"informatieobjecttype": "http://localhost:8003/catalogi/api/v1/informatieobjecttypen/531f6c1a-97f7-478c-85f0-67d2f23661c7",
      "bronorganisatie": "000000000", "creatiedatum": "2025-12-19", "titel": "Form
      017", "auteur": "Aanvrager", "taal": "eng", "formaat": "application/octet-stream",
      "inhoud": "Y29udGVudA==", "status": "definitief", "bestandsnaam": "attachment2.jpg",
      "ontvangstdatum": "2025-12-06", "beschrijving": "Bijgevoegd document", "indicatieGebruiksrecht":
      false, "bestandsomvang": 7}'
    headers:
      Accept:
      - '*/*'
      Accept-Encoding:
      - gzip, deflate, br
      Authorization:
      - Bearer eyJhbGciOiJIUzI1NiIsInR5cCI6IkpXVCJ9.eyJpc3MiOiJ0ZXN0X2NsaWVudF9pZCIsImlhdCI6MTc2NjE1NTY0NSwiZXhwIjoxNzY2MTk4ODQ1LCJjbGllbnRfaWQiOiJ0ZXN0X2NsaWVudF9pZCIsInVzZXJfaWQiOiIiLCJ1c2VyX3JlcHJlc2VudGF0aW9uIjoiIn0.uWHG2Z0WjaLlVI_4By010w2WKPN-fx23q9O4ArOMlZI
      Connection:
      - keep-alive
      Content-Length:
      - '494'
      Content-Type:
      - application/json
      User-Agent:
      - python-requests/2.32.4
    method: POST
    uri: http://localhost:8003/documenten/api/v1/enkelvoudiginformatieobjecten
  response:
    body:
      string: '{"url":"http://localhost:8003/documenten/api/v1/enkelvoudiginformatieobjecten/4fca5766-8cdc-4c98-82b4-20a1fcd45dd6","identificatie":"DOCUMENT-2025-0000000076","bronorganisatie":"000000000","creatiedatum":"2025-12-19","titel":"Form
        017","vertrouwelijkheidaanduiding":"openbaar","auteur":"Aanvrager","status":"definitief","formaat":"application/octet-stream","taal":"eng","versie":1,"beginRegistratie":"2025-12-19T14:47:26.055339Z","bestandsnaam":"attachment2.jpg","inhoud":"http://localhost:8003/documenten/api/v1/enkelvoudiginformatieobjecten/4fca5766-8cdc-4c98-82b4-20a1fcd45dd6/download?versie=1","bestandsomvang":7,"link":"","beschrijving":"Bijgevoegd
        document","ontvangstdatum":"2025-12-06","verzenddatum":null,"indicatieGebruiksrecht":false,"verschijningsvorm":"","ondertekening":{"soort":"","datum":null},"integriteit":{"algoritme":"","waarde":"","datum":null},"informatieobjecttype":"http://localhost:8003/catalogi/api/v1/informatieobjecttypen/531f6c1a-97f7-478c-85f0-67d2f23661c7","locked":false,"bestandsdelen":[],"trefwoorden":[],"lock":""}'
    headers:
      API-version:
      - 1.4.2
      Allow:
      - GET, POST, HEAD, OPTIONS
      Content-Length:
      - '1050'
      Content-Type:
      - application/json
      Cross-Origin-Opener-Policy:
      - same-origin
      Location:
      - http://localhost:8003/documenten/api/v1/enkelvoudiginformatieobjecten/4fca5766-8cdc-4c98-82b4-20a1fcd45dd6
      Referrer-Policy:
      - same-origin
      Vary:
      - origin
      X-Content-Type-Options:
      - nosniff
      X-Frame-Options:
      - DENY
    status:
      code: 201
      message: Created
- request:
    body: null
    headers:
      Accept:
      - '*/*'
      Accept-Encoding:
      - gzip, deflate, br
      Authorization:
      - Token 171be5abaf41e7856b423ad513df1ef8f867ff48
      Connection:
      - keep-alive
      User-Agent:
      - python-requests/2.32.4
    method: GET
    uri: http://localhost:8001/api/v2/objecttypes/8faed0fa-7864-4409-aa6d-533a37616a9e
  response:
    body:
      string: '{"url":"http://objecttypes-web:8000/api/v2/objecttypes/8faed0fa-7864-4409-aa6d-533a37616a9e","uuid":"8faed0fa-7864-4409-aa6d-533a37616a9e","name":"Accepts
        everything","namePlural":"Accepts everything","description":"","dataClassification":"open","maintainerOrganization":"","maintainerDepartment":"","contactPerson":"","contactEmail":"","source":"","updateFrequency":"unknown","providerOrganization":"","documentationUrl":"","labels":{},"createdAt":"2024-07-22","modifiedAt":"2024-07-22","allowGeometry":true,"versions":["http://objecttypes-web:8000/api/v2/objecttypes/8faed0fa-7864-4409-aa6d-533a37616a9e/versions/1"]}'
    headers:
      Allow:
      - GET, PUT, PATCH, DELETE, HEAD, OPTIONS
      Connection:
      - keep-alive
      Content-Length:
      - '619'
      Content-Type:
      - application/json
      Cross-Origin-Opener-Policy:
      - same-origin
      Date:
      - Fri, 19 Dec 2025 14:47:26 GMT
      Referrer-Policy:
      - same-origin
      Server:
      - nginx/1.29.1
      Vary:
      - origin
      X-Content-Type-Options:
      - nosniff
      X-Frame-Options:
      - DENY
    status:
      code: 200
      message: OK
- request:
    body: '{"type": "http://objecttypes-web:8000/api/v2/objecttypes/8faed0fa-7864-4409-aa6d-533a37616a9e",
      "record": {"typeVersion": 1, "data": {"bron": {"naam": "Open Formulieren", "kenmerk":
      "49ca7d5d-5b00-4e2e-bb03-1a2f4c377a91"}, "type": "terugbelnotitie", "aanvraaggegevens":
      {"fd-14": {"field1": null, "field2": null}}, "taal": "en", "betrokkenen": [{"inpBsn":
      "", "rolOmschrijvingGeneriek": "initiator"}], "pdf": "http://localhost:8003/documenten/api/v1/enkelvoudiginformatieobjecten/f07464bf-0bde-4ad6-9e66-afa11971b80e",
      "csv": "", "bijlagen": ["http://localhost:8003/documenten/api/v1/enkelvoudiginformatieobjecten/8fbfda26-9536-443b-9128-330a9788586c",
      "http://localhost:8003/documenten/api/v1/enkelvoudiginformatieobjecten/4fca5766-8cdc-4c98-82b4-20a1fcd45dd6"],
      "payment": {"completed": false, "amount": 0, "public_order_ids": [], "payment_ids":
      []}}, "startAt": "2025-12-19"}}'
    headers:
      Accept:
      - '*/*'
      Accept-Encoding:
      - gzip, deflate, br
      Authorization:
      - Token 7657474c3d75f56ae0abd0d1bf7994b09964dca9
      Connection:
      - keep-alive
      Content-Crs:
      - EPSG:4326
      Content-Length:
      - '879'
      Content-Type:
      - application/json
      User-Agent:
      - python-requests/2.32.4
    method: POST
    uri: http://localhost:8002/api/v2/objects
  response:
    body:
      string: '{"url":"http://objects-web:8000/api/v2/objects/dfe56ce8-3786-44e2-a6af-384dfda46584","uuid":"dfe56ce8-3786-44e2-a6af-384dfda46584","type":"http://objecttypes-web:8000/api/v2/objecttypes/8faed0fa-7864-4409-aa6d-533a37616a9e","record":{"index":1,"typeVersion":1,"data":{"bron":{"naam":"Open
        Formulieren","kenmerk":"49ca7d5d-5b00-4e2e-bb03-1a2f4c377a91"},"type":"terugbelnotitie","aanvraaggegevens":{"fd-14":{"field1":null,"field2":null}},"taal":"en","betrokkenen":[{"inpBsn":"","rolOmschrijvingGeneriek":"initiator"}],"pdf":"http://localhost:8003/documenten/api/v1/enkelvoudiginformatieobjecten/f07464bf-0bde-4ad6-9e66-afa11971b80e","csv":"","bijlagen":["http://localhost:8003/documenten/api/v1/enkelvoudiginformatieobjecten/8fbfda26-9536-443b-9128-330a9788586c","http://localhost:8003/documenten/api/v1/enkelvoudiginformatieobjecten/4fca5766-8cdc-4c98-82b4-20a1fcd45dd6"],"payment":{"completed":false,"amount":0,"public_order_ids":[],"payment_ids":[]}},"geometry":null,"startAt":"2025-12-19","endAt":null,"registrationAt":"2025-12-19","correctionFor":null,"correctedBy":null}}'
    headers:
      Allow:
      - GET, POST, HEAD, OPTIONS
      Connection:
      - keep-alive
      Content-Crs:
      - EPSG:4326
      Content-Length:
      - '1075'
      Content-Type:
      - application/json
      Cross-Origin-Opener-Policy:
      - same-origin
      Date:
      - Fri, 19 Dec 2025 14:47:26 GMT
      Location:
      - http://localhost:8002/api/v2/objects/dfe56ce8-3786-44e2-a6af-384dfda46584
      Referrer-Policy:
      - same-origin
      Server:
      - nginx/1.29.1
      Vary:
      - origin
      X-Content-Type-Options:
      - nosniff
      X-Frame-Options:
      - DENY
    status:
      code: 201
      message: Created
- request:
    body: null
    headers:
      Accept:
      - '*/*'
      Accept-Encoding:
      - gzip, deflate, br
      Authorization:
      - Bearer eyJhbGciOiJIUzI1NiIsInR5cCI6IkpXVCJ9.eyJpc3MiOiJ0ZXN0X2NsaWVudF9pZCIsImlhdCI6MTc2NjE1NTY0NiwiZXhwIjoxNzY2MTk4ODQ2LCJjbGllbnRfaWQiOiJ0ZXN0X2NsaWVudF9pZCIsInVzZXJfaWQiOiIiLCJ1c2VyX3JlcHJlc2VudGF0aW9uIjoiIn0.DCDIr6cik5IWbojyzSUucvtk-j1GOqvSLdnoklqOZwo
      Connection:
      - keep-alive
      User-Agent:
      - python-requests/2.32.4
    method: GET
    uri: http://localhost:8003/documenten/api/v1/enkelvoudiginformatieobjecten/8fbfda26-9536-443b-9128-330a9788586c
  response:
    body:
      string: '{"url":"http://localhost:8003/documenten/api/v1/enkelvoudiginformatieobjecten/8fbfda26-9536-443b-9128-330a9788586c","identificatie":"DOCUMENT-2025-0000000075","bronorganisatie":"000000000","creatiedatum":"2025-12-19","titel":"Form
        017","vertrouwelijkheidaanduiding":"openbaar","auteur":"Aanvrager","status":"definitief","formaat":"image/png","taal":"eng","versie":1,"beginRegistratie":"2025-12-19T14:47:25.969521Z","bestandsnaam":"attachment1.jpg","inhoud":"http://localhost:8003/documenten/api/v1/enkelvoudiginformatieobjecten/8fbfda26-9536-443b-9128-330a9788586c/download?versie=1","bestandsomvang":7,"link":"","beschrijving":"Bijgevoegd
        document","ontvangstdatum":"2025-12-06","verzenddatum":null,"indicatieGebruiksrecht":false,"verschijningsvorm":"","ondertekening":{"soort":"","datum":null},"integriteit":{"algoritme":"","waarde":"","datum":null},"informatieobjecttype":"http://localhost:8003/catalogi/api/v1/informatieobjecttypen/cd6aeaf2-ca37-416f-b78c-1cc302f81a81","locked":false,"bestandsdelen":[],"trefwoorden":[]}'
    headers:
      API-version:
      - 1.4.2
      Allow:
      - GET, PUT, PATCH, DELETE, HEAD, OPTIONS
      Content-Length:
      - '1025'
      Content-Type:
      - application/json
      Cross-Origin-Opener-Policy:
      - same-origin
      ETag:
      - '"a8cc35f00611c44e394a45db32a36409"'
      Referrer-Policy:
      - same-origin
      Vary:
      - origin
      X-Content-Type-Options:
      - nosniff
      X-Frame-Options:
      - DENY
    status:
      code: 200
      message: OK
- request:
    body: null
    headers:
      Accept:
      - '*/*'
      Accept-Encoding:
      - gzip, deflate, br
      Authorization:
      - Bearer eyJhbGciOiJIUzI1NiIsInR5cCI6IkpXVCJ9.eyJpc3MiOiJ0ZXN0X2NsaWVudF9pZCIsImlhdCI6MTc2NjE1NTY0NiwiZXhwIjoxNzY2MTk4ODQ2LCJjbGllbnRfaWQiOiJ0ZXN0X2NsaWVudF9pZCIsInVzZXJfaWQiOiIiLCJ1c2VyX3JlcHJlc2VudGF0aW9uIjoiIn0.DCDIr6cik5IWbojyzSUucvtk-j1GOqvSLdnoklqOZwo
      Connection:
      - keep-alive
      User-Agent:
      - python-requests/2.32.4
    method: GET
    uri: http://localhost:8003/documenten/api/v1/enkelvoudiginformatieobjecten/4fca5766-8cdc-4c98-82b4-20a1fcd45dd6
  response:
    body:
      string: '{"url":"http://localhost:8003/documenten/api/v1/enkelvoudiginformatieobjecten/4fca5766-8cdc-4c98-82b4-20a1fcd45dd6","identificatie":"DOCUMENT-2025-0000000076","bronorganisatie":"000000000","creatiedatum":"2025-12-19","titel":"Form
        017","vertrouwelijkheidaanduiding":"openbaar","auteur":"Aanvrager","status":"definitief","formaat":"application/octet-stream","taal":"eng","versie":1,"beginRegistratie":"2025-12-19T14:47:26.055339Z","bestandsnaam":"attachment2.jpg","inhoud":"http://localhost:8003/documenten/api/v1/enkelvoudiginformatieobjecten/4fca5766-8cdc-4c98-82b4-20a1fcd45dd6/download?versie=1","bestandsomvang":7,"link":"","beschrijving":"Bijgevoegd
        document","ontvangstdatum":"2025-12-06","verzenddatum":null,"indicatieGebruiksrecht":false,"verschijningsvorm":"","ondertekening":{"soort":"","datum":null},"integriteit":{"algoritme":"","waarde":"","datum":null},"informatieobjecttype":"http://localhost:8003/catalogi/api/v1/informatieobjecttypen/531f6c1a-97f7-478c-85f0-67d2f23661c7","locked":false,"bestandsdelen":[],"trefwoorden":[]}'
    headers:
      API-version:
      - 1.4.2
      Allow:
      - GET, PUT, PATCH, DELETE, HEAD, OPTIONS
      Content-Length:
      - '1040'
      Content-Type:
      - application/json
      Cross-Origin-Opener-Policy:
      - same-origin
      ETag:
      - '"f8bc48b3530cf64910732c3312df51eb"'
      Referrer-Policy:
      - same-origin
      Vary:
      - origin
      X-Content-Type-Options:
      - nosniff
      X-Frame-Options:
      - DENY
    status:
      code: 200
      message: OK
version: 1
