interactions:
- request:
    body: null
    headers:
      Accept:
      - '*/*'
      Accept-Encoding:
      - gzip, deflate, br
      Authorization:
      - Bearer eyJhbGciOiJIUzI1NiIsInR5cCI6IkpXVCJ9.eyJpc3MiOiJ0ZXN0X2NsaWVudF9pZCIsImlhdCI6MTc2NjE1NTY1NiwiZXhwIjoxNzY2MTk4ODU2LCJjbGllbnRfaWQiOiJ0ZXN0X2NsaWVudF9pZCIsInVzZXJfaWQiOiIiLCJ1c2VyX3JlcHJlc2VudGF0aW9uIjoiIn0.yU0e3JkUomtgB9CXpvw0THv40ZzYAB-PnmV5J_7CmN8
      Connection:
      - keep-alive
      User-Agent:
      - python-requests/2.32.4
    method: GET
    uri: http://localhost:8003/catalogi/api/v1/catalogussen?domein=VRSN
  response:
    body:
      string: '{"count":0,"next":null,"previous":null,"results":[]}'
    headers:
      API-version:
      - 1.3.1
      Allow:
      - GET, POST, HEAD, OPTIONS
      Content-Length:
      - '52'
      Content-Type:
      - application/json
      Cross-Origin-Opener-Policy:
      - same-origin
      Referrer-Policy:
      - same-origin
      Vary:
      - Accept, origin
      X-Content-Type-Options:
      - nosniff
      X-Frame-Options:
      - DENY
    status:
      code: 200
      message: OK
- request:
    body: null
    headers:
      Accept:
      - '*/*'
      Accept-Encoding:
      - gzip, deflate, br
      Authorization:
      - Bearer eyJhbGciOiJIUzI1NiIsInR5cCI6IkpXVCJ9.eyJpc3MiOiJ0ZXN0X2NsaWVudF9pZCIsImlhdCI6MTc2NjE1NTY1NiwiZXhwIjoxNzY2MTk4ODU2LCJjbGllbnRfaWQiOiJ0ZXN0X2NsaWVudF9pZCIsInVzZXJfaWQiOiIiLCJ1c2VyX3JlcHJlc2VudGF0aW9uIjoiIn0.yU0e3JkUomtgB9CXpvw0THv40ZzYAB-PnmV5J_7CmN8
      Connection:
      - keep-alive
      User-Agent:
      - python-requests/2.32.4
    method: HEAD
    uri: http://localhost:8003/catalogi/api/v1/informatieobjecttypen/b2d83b94-9b9b-4e80-a82f-73ff993c62f3
  response:
    body:
      string: ''
    headers:
      API-version:
      - 1.3.1
      Allow:
      - GET, PUT, PATCH, DELETE, HEAD, OPTIONS
      Content-Length:
      - '790'
      Content-Type:
      - application/json
      Cross-Origin-Opener-Policy:
      - same-origin
      ETag:
      - '"89d53439caa01c2f00ab822679e80c7b"'
      Referrer-Policy:
      - same-origin
      Vary:
      - Accept, origin
      X-Content-Type-Options:
      - nosniff
      X-Frame-Options:
      - DENY
    status:
      code: 200
      message: OK
- request:
    body: null
    headers:
      Accept:
      - '*/*'
      Accept-Encoding:
      - gzip, deflate, br
      Authorization:
      - Bearer eyJhbGciOiJIUzI1NiIsInR5cCI6IkpXVCJ9.eyJpc3MiOiJ0ZXN0X2NsaWVudF9pZCIsImlhdCI6MTc2NjE1NTY1NiwiZXhwIjoxNzY2MTk4ODU2LCJjbGllbnRfaWQiOiJ0ZXN0X2NsaWVudF9pZCIsInVzZXJfaWQiOiIiLCJ1c2VyX3JlcHJlc2VudGF0aW9uIjoiIn0.yU0e3JkUomtgB9CXpvw0THv40ZzYAB-PnmV5J_7CmN8
      Connection:
      - keep-alive
      User-Agent:
      - python-requests/2.32.4
    method: HEAD
    uri: http://localhost:8003/catalogi/api/v1/informatieobjecttypen/531f6c1a-97f7-478c-85f0-67d2f23661c7
  response:
    body:
      string: ''
    headers:
      API-version:
      - 1.3.1
      Allow:
      - GET, PUT, PATCH, DELETE, HEAD, OPTIONS
      Content-Length:
      - '1065'
      Content-Type:
      - application/json
      Cross-Origin-Opener-Policy:
      - same-origin
      ETag:
      - '"cf97de635cb22b89d77afc05a431d990"'
      Referrer-Policy:
      - same-origin
      Vary:
      - Accept, origin
      X-Content-Type-Options:
      - nosniff
      X-Frame-Options:
      - DENY
    status:
      code: 200
      message: OK
- request:
    body: null
    headers:
      Accept:
      - '*/*'
      Accept-Encoding:
      - gzip, deflate, br
      Authorization:
      - Bearer eyJhbGciOiJIUzI1NiIsInR5cCI6IkpXVCJ9.eyJpc3MiOiJ0ZXN0X2NsaWVudF9pZCIsImlhdCI6MTc2NjE1NTY1NiwiZXhwIjoxNzY2MTk4ODU2LCJjbGllbnRfaWQiOiJ0ZXN0X2NsaWVudF9pZCIsInVzZXJfaWQiOiIiLCJ1c2VyX3JlcHJlc2VudGF0aW9uIjoiIn0.yU0e3JkUomtgB9CXpvw0THv40ZzYAB-PnmV5J_7CmN8
      Connection:
      - keep-alive
      User-Agent:
      - python-requests/2.32.4
    method: HEAD
    uri: http://localhost:8003/catalogi/api/v1/informatieobjecttypen/7a474713-0833-402a-8441-e467c08ac55b
  response:
    body:
      string: ''
    headers:
      API-version:
      - 1.3.1
      Allow:
      - GET, PUT, PATCH, DELETE, HEAD, OPTIONS
      Content-Length:
      - '798'
      Content-Type:
      - application/json
      Cross-Origin-Opener-Policy:
      - same-origin
      ETag:
      - '"bfa6b74c27efa9845576bf1d54281820"'
      Referrer-Policy:
      - same-origin
      Vary:
      - Accept, origin
      X-Content-Type-Options:
      - nosniff
      X-Frame-Options:
      - DENY
    status:
      code: 200
      message: OK
- request:
    body: null
    headers:
      Accept:
      - '*/*'
      Accept-Encoding:
      - gzip, deflate, br
      Authorization:
      - Token 171be5abaf41e7856b423ad513df1ef8f867ff48
      Connection:
      - keep-alive
      User-Agent:
      - python-requests/2.32.4
    method: GET
    uri: http://localhost:8001/api/v2/objecttypes
  response:
    body:
      string: '{"count":8,"next":null,"previous":null,"results":[{"url":"http://objecttypes-web:8000/api/v2/objecttypes/db4e8653-1f84-4df7-82bd-96787c52b298","uuid":"db4e8653-1f84-4df7-82bd-96787c52b298","name":"Children","namePlural":"Children","description":"","dataClassification":"open","maintainerOrganization":"","maintainerDepartment":"","contactPerson":"","contactEmail":"","source":"","updateFrequency":"unknown","providerOrganization":"","documentationUrl":"","labels":{},"createdAt":"2025-09-15","modifiedAt":"2025-09-15","allowGeometry":true,"versions":["http://objecttypes-web:8000/api/v2/objecttypes/db4e8653-1f84-4df7-82bd-96787c52b298/versions/1"]},{"url":"http://objecttypes-web:8000/api/v2/objecttypes/59cdc902-576b-495f-ae63-c9c78b8afc09","uuid":"59cdc902-576b-495f-ae63-c9c78b8afc09","name":"Partners","namePlural":"Partners","description":"","dataClassification":"open","maintainerOrganization":"","maintainerDepartment":"","contactPerson":"","contactEmail":"","source":"","updateFrequency":"unknown","providerOrganization":"","documentationUrl":"","labels":{},"createdAt":"2025-07-22","modifiedAt":"2025-07-22","allowGeometry":true,"versions":["http://objecttypes-web:8000/api/v2/objecttypes/59cdc902-576b-495f-ae63-c9c78b8afc09/versions/1"]},{"url":"http://objecttypes-web:8000/api/v2/objecttypes/8faed0fa-7864-4409-aa6d-533a37616a9e","uuid":"8faed0fa-7864-4409-aa6d-533a37616a9e","name":"Accepts
        everything","namePlural":"Accepts everything","description":"","dataClassification":"open","maintainerOrganization":"","maintainerDepartment":"","contactPerson":"","contactEmail":"","source":"","updateFrequency":"unknown","providerOrganization":"","documentationUrl":"","labels":{},"createdAt":"2024-07-22","modifiedAt":"2024-07-22","allowGeometry":true,"versions":["http://objecttypes-web:8000/api/v2/objecttypes/8faed0fa-7864-4409-aa6d-533a37616a9e/versions/1"]},{"url":"http://objecttypes-web:8000/api/v2/objecttypes/644ab597-e88c-43c0-8321-f12113510b0e","uuid":"644ab597-e88c-43c0-8321-f12113510b0e","name":"Fieldset
        component","namePlural":"Fieldset component","description":"","dataClassification":"confidential","maintainerOrganization":"","maintainerDepartment":"","contactPerson":"","contactEmail":"","source":"","updateFrequency":"unknown","providerOrganization":"","documentationUrl":"","labels":{},"createdAt":"2024-02-08","modifiedAt":"2024-02-08","allowGeometry":true,"versions":["http://objecttypes-web:8000/api/v2/objecttypes/644ab597-e88c-43c0-8321-f12113510b0e/versions/1"]},{"url":"http://objecttypes-web:8000/api/v2/objecttypes/f1dde4fe-b7f9-46dc-84ae-429ae49e3705","uuid":"f1dde4fe-b7f9-46dc-84ae-429ae49e3705","name":"Geo
        in data","namePlural":"Geo in data","description":"","dataClassification":"confidential","maintainerOrganization":"","maintainerDepartment":"","contactPerson":"","contactEmail":"","source":"","updateFrequency":"unknown","providerOrganization":"","documentationUrl":"","labels":{},"createdAt":"2024-02-08","modifiedAt":"2024-02-08","allowGeometry":true,"versions":["http://objecttypes-web:8000/api/v2/objecttypes/f1dde4fe-b7f9-46dc-84ae-429ae49e3705/versions/1"]},{"url":"http://objecttypes-web:8000/api/v2/objecttypes/527b8408-7421-4808-a744-43ccb7bdaaa2","uuid":"527b8408-7421-4808-a744-43ccb7bdaaa2","name":"File
        Uploads","namePlural":"File Uploads","description":"","dataClassification":"confidential","maintainerOrganization":"","maintainerDepartment":"","contactPerson":"","contactEmail":"","source":"","updateFrequency":"unknown","providerOrganization":"","documentationUrl":"","labels":{},"createdAt":"2024-02-08","modifiedAt":"2024-02-08","allowGeometry":true,"versions":["http://objecttypes-web:8000/api/v2/objecttypes/527b8408-7421-4808-a744-43ccb7bdaaa2/versions/1"]},{"url":"http://objecttypes-web:8000/api/v2/objecttypes/3edfdaf7-f469-470b-a391-bb7ea015bd6f","uuid":"3edfdaf7-f469-470b-a391-bb7ea015bd6f","name":"Tree","namePlural":"Trees","description":"","dataClassification":"confidential","maintainerOrganization":"","maintainerDepartment":"","contactPerson":"","contactEmail":"","source":"","updateFrequency":"unknown","providerOrganization":"","documentationUrl":"","labels":{},"createdAt":"2024-02-08","modifiedAt":"2024-02-08","allowGeometry":true,"versions":["http://objecttypes-web:8000/api/v2/objecttypes/3edfdaf7-f469-470b-a391-bb7ea015bd6f/versions/1"]},{"url":"http://objecttypes-web:8000/api/v2/objecttypes/8e46e0a5-b1b4-449b-b9e9-fa3cea655f48","uuid":"8e46e0a5-b1b4-449b-b9e9-fa3cea655f48","name":"Person","namePlural":"Persons","description":"","dataClassification":"open","maintainerOrganization":"","maintainerDepartment":"","contactPerson":"","contactEmail":"","source":"","updateFrequency":"unknown","providerOrganization":"","documentationUrl":"","labels":{},"createdAt":"2023-10-24","modifiedAt":"2024-11-25","allowGeometry":true,"versions":["http://objecttypes-web:8000/api/v2/objecttypes/8e46e0a5-b1b4-449b-b9e9-fa3cea655f48/versions/2","http://objecttypes-web:8000/api/v2/objecttypes/8e46e0a5-b1b4-449b-b9e9-fa3cea655f48/versions/3","http://objecttypes-web:8000/api/v2/objecttypes/8e46e0a5-b1b4-449b-b9e9-fa3cea655f48/versions/1","http://objecttypes-web:8000/api/v2/objecttypes/8e46e0a5-b1b4-449b-b9e9-fa3cea655f48/versions/4"]}]}'
    headers:
      Allow:
      - GET, POST, HEAD, OPTIONS
      Connection:
      - keep-alive
      Content-Length:
      - '5218'
      Content-Type:
      - application/json
      Cross-Origin-Opener-Policy:
      - same-origin
      Date:
      - Fri, 19 Dec 2025 14:47:37 GMT
      Referrer-Policy:
      - same-origin
      Server:
      - nginx/1.29.1
      Vary:
      - origin
      X-Content-Type-Options:
      - nosniff
      X-Frame-Options:
      - DENY
    status:
      code: 200
      message: OK
- request:
    body: null
    headers:
      Accept:
      - '*/*'
      Accept-Encoding:
      - gzip, deflate, br
      Authorization:
      - Token 171be5abaf41e7856b423ad513df1ef8f867ff48
      Connection:
      - keep-alive
      User-Agent:
      - python-requests/2.32.4
    method: GET
    uri: http://localhost:8001/api/v2/objecttypes/8e46e0a5-b1b4-449b-b9e9-fa3cea655f48/versions
  response:
    body:
      string: '{"count":4,"next":null,"previous":null,"results":[{"url":"http://objecttypes-web:8000/api/v2/objecttypes/8e46e0a5-b1b4-449b-b9e9-fa3cea655f48/versions/4","version":4,"objectType":"http://objecttypes-web:8000/api/v2/objecttypes/8e46e0a5-b1b4-449b-b9e9-fa3cea655f48","status":"draft","jsonSchema":{"$id":"https://example.com/person.schema.json","type":"object","title":"Person","$schema":"https://json-schema.org/draft/2020-12/schema","properties":{"age":{"type":"integer","minimum":18},"bsn":{"type":"string"},"name":{"type":"object","properties":{"last.name":{"type":"string"}}},"nested":{"type":"object","properties":{"unrelated":{"type":"string"},"submission_payment_amount":{"type":"number","multipleOf":0.01}}},"submission_date":{"type":"string","format":"date-time"},"submission_csv_url":{"type":"string","format":"uri"},"submission_pdf_url":{"type":"string","format":"uri"},"submission_payment_completed":{"type":"boolean"},"submission_payment_public_ids":{"type":"array"}}},"createdAt":"2024-11-25","modifiedAt":"2024-11-25","publishedAt":"2024-11-25"},{"url":"http://objecttypes-web:8000/api/v2/objecttypes/8e46e0a5-b1b4-449b-b9e9-fa3cea655f48/versions/3","version":3,"objectType":"http://objecttypes-web:8000/api/v2/objecttypes/8e46e0a5-b1b4-449b-b9e9-fa3cea655f48","status":"published","jsonSchema":{"$id":"https://example.com/person.schema.json","type":"object","title":"Person","$schema":"https://json-schema.org/draft/2020-12/schema","properties":{"age":{"type":"integer","minimum":18},"name":{"type":"object","properties":{"last.name":{"type":"string"}}},"nested":{"type":"object","properties":{"unrelated":{"type":"string"},"submission_payment_amount":{"type":"number","multipleOf":0.01}}},"submission_date":{"type":"string","format":"date-time"},"submission_csv_url":{"type":"string","format":"uri"},"submission_pdf_url":{"type":"string","format":"uri"},"submission_payment_completed":{"type":"boolean"},"submission_payment_public_ids":{"type":"array"}}},"createdAt":"2024-02-08","modifiedAt":"2024-11-25","publishedAt":"2024-11-25"},{"url":"http://objecttypes-web:8000/api/v2/objecttypes/8e46e0a5-b1b4-449b-b9e9-fa3cea655f48/versions/2","version":2,"objectType":"http://objecttypes-web:8000/api/v2/objecttypes/8e46e0a5-b1b4-449b-b9e9-fa3cea655f48","status":"published","jsonSchema":{"$id":"https://example.com/person.schema.json","type":"object","title":"Person","$schema":"https://json-schema.org/draft/2020-12/schema","properties":{"age":{"type":"integer","minimum":18,"description":"Age
        in years which must be equal to or greater than 18."},"lastName":{"type":"string","description":"The
        person''s last name."},"firstName":{"type":"string","description":"The person''s
        first name."}}},"createdAt":"2024-02-08","modifiedAt":"2024-02-08","publishedAt":"2024-02-08"},{"url":"http://objecttypes-web:8000/api/v2/objecttypes/8e46e0a5-b1b4-449b-b9e9-fa3cea655f48/versions/1","version":1,"objectType":"http://objecttypes-web:8000/api/v2/objecttypes/8e46e0a5-b1b4-449b-b9e9-fa3cea655f48","status":"published","jsonSchema":{"$id":"https://example.com/person.schema.json","type":"object","title":"Person","$schema":"https://json-schema.org/draft/2020-12/schema","properties":{"age":{"type":"integer","minimum":0,"description":"Age
        in years which must be equal to or greater than zero."},"lastName":{"type":"string","description":"The
        person''s last name."},"firstName":{"type":"string","description":"The person''s
        first name."}}},"createdAt":"2023-10-24","modifiedAt":"2024-02-08","publishedAt":"2024-02-08"}]}'
    headers:
      Allow:
      - GET, POST, HEAD, OPTIONS
      Connection:
      - keep-alive
      Content-Length:
      - '3516'
      Content-Type:
      - application/json
      Cross-Origin-Opener-Policy:
      - same-origin
      Date:
      - Fri, 19 Dec 2025 14:47:37 GMT
      Referrer-Policy:
      - same-origin
      Server:
      - nginx/1.29.1
      Vary:
      - origin
      X-Content-Type-Options:
      - nosniff
      X-Frame-Options:
      - DENY
    status:
      code: 200
      message: OK
version: 1
